acpi
acpid
adobe-source-han-sans-cn-fonts
adobe-source-han-sans-jp-fonts
adobe-source-han-sans-kr-fonts
adobe-source-sans-fonts
adw-gtk-theme
alacritty
apparmor
b43-fwcutter
baobab
base
bat
bibata-cursor-theme
bmenu
btrfs-progs
btrfsmaintenance
bzip2
caffeine-ng
cheese
chezmoi
chromium
collision
coreutils
cowsay
cpupower
cronie
cryptsetup
deja-dup
device-mapper
dhclient
dhcpcd
diffutils
dmidecode
dmraid
dnsmasq
dosfstools
dua-cli
duf
e2fsprogs
ecryptfs-utils
efibootmgr
elementary-icon-theme
endeavour
evince
exfatprogs
eza
f2fs-tools
ffmpeg-audio-thumbnailer
ffmpegthumbnailer
figlet
file-roller
firefox
fish
flameshot
foliate
fprintd
fragments
gdm
geary
gedit
gnome-backgrounds
gnome-browser-connector
gnome-calculator
gnome-calendar
gnome-characters
gnome-chess
gnome-clocks
gnome-connections
gnome-contacts
gnome-control-center
gnome-disk-utility
gnome-firmware
gnome-font-viewer
gnome-keyring
gnome-layout-switcher
gnome-logs
gnome-maps
gnome-mines
gnome-remote-desktop
gnome-shell-extension-appindicator
gnome-shell-extension-arc-menu
gnome-shell-extension-custom-accent-colors
gnome-shell-extension-dash-to-dock
gnome-shell-extension-dash-to-panel
gnome-shell-extension-forge
gnome-shell-extension-gnome-ui-tune
gnome-shell-extension-gsconnect
gnome-shell-extension-gtk4-desktop-icons-ng
gnome-shell-extension-legacy-theme-auto-switcher
gnome-shell-extension-space-bar
gnome-shell-extension-x11gestures
gnome-shell-extensions
gnome-shell-maia
gnome-system-monitor
gnome-terminal
gnome-themes-extra
gnome-tour
gnome-tweaks
gnome-user-docs
gnome-user-share
gnome-weather
gnuchess
gparted
grilo-plugins
grub
grub-btrfs
grub-theme-manjaro
gthumb
gtk-engine-murrine
gtk-theme-elementary
gtksourceview-pkgbuild
gufw
gvfs
gvfs-afc
gvfs-google
gvfs-gphoto2
gvfs-mtp
gvfs-nfs
gvfs-smb
haveged
htop
hugo
iagno
ibus
ibus-rime
inetutils
intel-ucode
inxi
jfsutils
khal
kitty
kvantum-manjaro
less
lib32-nvidia-utils
libdvdcss
libpamac-flatpak-plugin
libxnvctrl
linux65
linux65-nvidia
logrotate
lolcat
lollypop
lrzip
lvm2
malcontent
man-db
man-pages
manjaro-alsa
manjaro-application-utility
manjaro-base-skel
manjaro-browser-settings
manjaro-gdm-branding
manjaro-gnome-backgrounds
manjaro-gnome-extension-settings
manjaro-gnome-settings
manjaro-gstreamer
manjaro-hello
manjaro-input
manjaro-log-helper
manjaro-modem
manjaro-printer
manjaro-pulse
manjaro-ranger-settings
manjaro-release
manjaro-settings-manager
manjaro-settings-manager-notifier
manjaro-system
manjaro-zsh-config
mdadm
memtest86+
memtest86+-efi
mesa-utils
mhwd
mhwd-db
mkinitcpio-openswap
modemmanager
mpv
nano
nano-syntax-highlighting
nautilus
nautilus-admin
nautilus-empty-file
neovim
network-manager-sstp
networkmanager
networkmanager-openconnect
networkmanager-openvpn
networkmanager-pptp
networkmanager-strongswan
networkmanager-vpnc
nfs-utils
noto-fonts
noto-fonts-cjk
noto-fonts-emoji
nss-mdns
ntfs-3g
nvidia-prime
nvidia-settings
nvidia-utils
nvm
obs-studio
obsidian
openresolv
openssh
os-prober
p7zip
pacui
pamac-gnome-integration
pamac-gtk
papirus-maia-icon-theme
perl
plymouth-theme-manjaro
power-profiles-daemon
python-pip
python-pipx
qt5ct
qt6ct
quadrapassel
reiserfsprogs
rofi
rsync
rygel
s-nail
screenkey
seahorse
simple-scan
sof-firmware
spectre-meltdown-checker
speech-dispatcher
squashfs-tools
sudo
sushi
sysfsutils
system-config-printer
systemd
texinfo
timeshift
timeshift-autosnap-manjaro
tldr
toilet
touche
tracker3-miners
ttf-dejavu
ttf-droid
ttf-fira-mono
ttf-fira-sans
ttf-hack
ttf-inconsolata
ttf-indic-otf
ttf-jetbrains-mono-nerd
ttf-liberation
unace
unrar
usbutils
vi
vlc
webapp-manager
wget
which
wireless-regdb
wpa_supplicant
xdg-desktop-portal-gnome
xdg-user-dirs-gtk
xdg-utils
xdotool
xfsprogs
xorg-server
xorg-xinit
yay
